// Jest Snapshot v1, https://goo.gl/fbAQLP

exports[`should render ExpenseDashboardPage correctly 1`] = `
ShallowWrapper {
  "complexSelector": ComplexSelector {
    "buildPredicate": [Function],
    "childrenOfNode": [Function],
    "findWhereUnwrapped": [Function],
  },
  "length": 1,
  "node": <div>
    <Connect(ExpenseListFilters) />
    <Connect(ExpenseList) />
</div>,
  "nodes": Array [
    <div>
      <Connect(ExpenseListFilters) />
      <Connect(ExpenseList) />
</div>,
  ],
  "options": Object {},
  "renderer": ReactShallowRenderer {
    "_context": Object {},
    "_element": <ExpenseDashboardPage />,
    "_instance": null,
    "_newState": null,
    "_rendered": <div>
      <Connect(ExpenseListFilters) />
      <Connect(ExpenseList) />
</div>,
    "_rendering": false,
    "_updater": Updater {
      "_renderer": [Circular],
    },
    "getRenderOutput": [Function],
    "render": [Function],
  },
  "root": [Circular],
  "unrendered": <ExpenseDashboardPage />,
}
`;
