// Jest Snapshot v1, https://goo.gl/fbAQLP

exports[`should render ExpenseListItem with expenses 1`] = `
ShallowWrapper {
  "complexSelector": ComplexSelector {
    "buildPredicate": [Function],
    "childrenOfNode": [Function],
    "findWhereUnwrapped": [Function],
  },
  "length": 1,
  "node": <div>
    <Link
        to="/edit/1"
    >
        <h3>
            Gum
        </h3>
    </Link>
    <p>
        195
         - 
        0
    </p>
</div>,
  "nodes": Array [
    <div>
      <Link
            to="/edit/1"
      >
            <h3>
                  Gum
            </h3>
      </Link>
      <p>
            195
             - 
            0
      </p>
</div>,
  ],
  "options": Object {},
  "renderer": ReactShallowRenderer {
    "_context": Object {},
    "_element": <ExpenseListItem
      amount={195}
      createdAt={0}
      description="Gum"
      id="1"
      note=""
/>,
    "_instance": null,
    "_newState": null,
    "_rendered": <div>
      <Link
            to="/edit/1"
      >
            <h3>
                  Gum
            </h3>
      </Link>
      <p>
            195
             - 
            0
      </p>
</div>,
    "_rendering": false,
    "_updater": Updater {
      "_renderer": [Circular],
    },
    "getRenderOutput": [Function],
    "render": [Function],
  },
  "root": [Circular],
  "unrendered": <ExpenseListItem
    amount={195}
    createdAt={0}
    description="Gum"
    id="1"
    note=""
/>,
}
`;
